EN tam NULL "D:/- Computer Engineering/- Other Subjects/Other stuff/School/3. Yil/1. Donem/Bot lab - VHSIC HDL/4- VHDL Programs/lablar/4. lab/lab4/lab4.vhd" sub00/vhpl00 1484401750
AR tam dataflow "D:/- Computer Engineering/- Other Subjects/Other stuff/School/3. Yil/1. Donem/Bot lab - VHSIC HDL/4- VHDL Programs/lablar/4. lab/lab4/lab4.vhd" sub00/vhpl01 1484401751
EN nbitadder NULL "D:/- Computer Engineering/- Other Subjects/Other stuff/School/3. Yil/1. Donem/Bot lab - VHSIC HDL/4- VHDL Programs/lablar/4. lab/lab4/lab4.vhd" sub00/vhpl02 1484401752
AR nbitadder structural "D:/- Computer Engineering/- Other Subjects/Other stuff/School/3. Yil/1. Donem/Bot lab - VHSIC HDL/4- VHDL Programs/lablar/4. lab/lab4/lab4.vhd" sub00/vhpl03 1484401753
