AR mux4x1 structural "D:/- Computer Engineering/- Other Subjects/Other stuff/School/3. Yil/1. Donem/Bot lab - VHSIC HDL/4- VHDL Programs/lablar/2. lab/lab2/lab2.vhd" sub00/vhpl03 1483664370
EN mux2x1 NULL "D:/- Computer Engineering/- Other Subjects/Other stuff/School/3. Yil/1. Donem/Bot lab - VHSIC HDL/4- VHDL Programs/lablar/2. lab/lab2/lab2.vhd" sub00/vhpl00 1483664367
AR mux2x1 behavioral "D:/- Computer Engineering/- Other Subjects/Other stuff/School/3. Yil/1. Donem/Bot lab - VHSIC HDL/4- VHDL Programs/lablar/2. lab/lab2/lab2.vhd" sub00/vhpl01 1483664368
EN mux4x1 NULL "D:/- Computer Engineering/- Other Subjects/Other stuff/School/3. Yil/1. Donem/Bot lab - VHSIC HDL/4- VHDL Programs/lablar/2. lab/lab2/lab2.vhd" sub00/vhpl02 1483664369
