AR alu behavioral "D:/- Computer Engineering/- Other Subjects/Other stuff/School/3. Yil/1. Donem/Bot lab - VHSIC HDL/4- VHDL Programs/Xilinx projects/lab1/lab1.vhd" sub00/vhpl01 1483664080
EN alu NULL "D:/- Computer Engineering/- Other Subjects/Other stuff/School/3. Yil/1. Donem/Bot lab - VHSIC HDL/4- VHDL Programs/Xilinx projects/lab1/lab1.vhd" sub00/vhpl00 1483664079
