EN devre NULL "D:/- Computer Engineering/- Other Subjects/Other stuff/School/3. Yil/1. Donem/Bot lab - VHSIC HDL/4- VHDL Programs/lablar/3. lab/lab3/lab3.vhd" sub00/vhpl02 1483664471
EN flipflop NULL "D:/- Computer Engineering/- Other Subjects/Other stuff/School/3. Yil/1. Donem/Bot lab - VHSIC HDL/4- VHDL Programs/lablar/3. lab/lab3/lab3.vhd" sub00/vhpl00 1483664469
AR flipflop behavior "D:/- Computer Engineering/- Other Subjects/Other stuff/School/3. Yil/1. Donem/Bot lab - VHSIC HDL/4- VHDL Programs/lablar/3. lab/lab3/lab3.vhd" sub00/vhpl01 1483664470
AR devre structural "D:/- Computer Engineering/- Other Subjects/Other stuff/School/3. Yil/1. Donem/Bot lab - VHSIC HDL/4- VHDL Programs/lablar/3. lab/lab3/lab3.vhd" sub00/vhpl03 1483664472
