EN lojikprojesi NULL "D:/- Computer Engineering/- Other Subjects/Other stuff/School/3. Yil/1. Donem/Bot lab - VHSIC HDL/VHDL Programs/Xilinx projects/lojikprojesi/lojikprojesi.vhd" sub00/vhpl00 1482124972
AR lojikprojesi dataflow "D:/- Computer Engineering/- Other Subjects/Other stuff/School/3. Yil/1. Donem/Bot lab - VHSIC HDL/VHDL Programs/Xilinx projects/lojikprojesi/lojikprojesi.vhd" sub00/vhpl01 1482124973
