V3 3
FL "D:/- Computer Engineering/- Other Subjects/Other stuff/School/3. Yil/1. Donem/Bot lab - VHSIC HDL/VHDL Programs/Xilinx projects/lojikprojesi/lojikprojesi.vhd" 2016/12/19.08:22:50 P.20131013
EN work/lojikprojesi 1482124972 \
      FL "D:/- Computer Engineering/- Other Subjects/Other stuff/School/3. Yil/1. Donem/Bot lab - VHSIC HDL/VHDL Programs/Xilinx projects/lojikprojesi/lojikprojesi.vhd" \
      PB ieee/std_logic_1164 1381692176
AR work/lojikprojesi/dataflow 1482124973 \
      FL "D:/- Computer Engineering/- Other Subjects/Other stuff/School/3. Yil/1. Donem/Bot lab - VHSIC HDL/VHDL Programs/Xilinx projects/lojikprojesi/lojikprojesi.vhd" \
      EN work/lojikprojesi 1482124972
